#-----------------------------------------------------------
# Webtalk v2020.1 (64-bit)
# SW Build 2902540 on Wed May 27 19:54:49 MDT 2020
# IP Build 2902112 on Wed May 27 22:43:36 MDT 2020
# Start of session at: Fri Apr  4 21:19:56 2025
# Process ID: 24508
# Current directory: D:/Hardware encryption project/hardware-encryption/vivado/hardware-encryption/vivado/encryption_2/encryption_2.sim/sim_1/behav/xsim
# Command line: wbtcv.exe -mode batch -source D:/Hardware encryption project/hardware-encryption/vivado/hardware-encryption/vivado/encryption_2/encryption_2.sim/sim_1/behav/xsim/xsim.dir/subbytes_behav/webtalk/xsim_webtalk.tcl -notrace
# Log file: D:/Hardware encryption project/hardware-encryption/vivado/hardware-encryption/vivado/encryption_2/encryption_2.sim/sim_1/behav/xsim/webtalk.log
# Journal file: D:/Hardware encryption project/hardware-encryption/vivado/hardware-encryption/vivado/encryption_2/encryption_2.sim/sim_1/behav/xsim\webtalk.jou
#-----------------------------------------------------------
source D:/Hardware -notrace
